// Jest Snapshot v1, https://goo.gl/fbAQLP

exports[`"stylelint.ignoreDisables" setting should ignore disable directives when enabled 1`] = `
[
  {
    "code": "color-hex-case",
    "codeDescription": {
      "href": "https://stylelint.io/user-guide/rules/color-hex-case",
    },
    "message": "Expected "#fff" to be "#FFF" (color-hex-case)",
    "range": {
      "end": {
        "character": 10,
        "line": 3,
      },
      "start": {
        "character": 9,
        "line": 3,
      },
    },
    "severity": 1,
    "source": "Stylelint",
  },
  {
    "code": "indentation",
    "codeDescription": {
      "href": "https://stylelint.io/user-guide/rules/indentation",
    },
    "message": "Expected indentation of 4 spaces (indentation)",
    "range": {
      "end": {
        "character": 3,
        "line": 3,
      },
      "start": {
        "character": 2,
        "line": 3,
      },
    },
    "severity": 1,
    "source": "Stylelint",
  },
]
`;
