// Jest Snapshot v1, https://goo.gl/fbAQLP

exports[`"stylelint.reportDescriptionlessDisables" setting should report invalid-scope disables when enabled 1`] = `
[
  {
    "code": "--report-descriptionless-disables",
    "message": "Disable for "indentation" is missing a description",
    "range": {
      "end": {
        "character": 5,
        "line": 2,
      },
      "start": {
        "character": 4,
        "line": 2,
      },
    },
    "severity": 1,
    "source": "Stylelint",
  },
]
`;
