// Jest Snapshot v1, https://goo.gl/fbAQLP

exports[`"stylelint.reportNeedlessDisables" setting should report needless disables when enabled 1`] = `
[
  {
    "code": "--report-needless-disables",
    "message": "Needless disable for "indentation"",
    "range": {
      "end": {
        "character": 3,
        "line": 2,
      },
      "start": {
        "character": 2,
        "line": 2,
      },
    },
    "severity": 1,
    "source": "Stylelint",
  },
  {
    "code": "--report-needless-disables",
    "message": "Needless disable for "indentation"",
    "range": {
      "end": {
        "character": 1,
        "line": 6,
      },
      "start": {
        "character": 0,
        "line": 6,
      },
    },
    "severity": 1,
    "source": "Stylelint",
  },
  {
    "code": "--report-needless-disables",
    "message": "Needless disable for "indentation"",
    "range": {
      "end": {
        "character": 17,
        "line": 14,
      },
      "start": {
        "character": 16,
        "line": 14,
      },
    },
    "severity": 1,
    "source": "Stylelint",
  },
  {
    "code": "--report-needless-disables",
    "message": "Needless disable for "indentation"",
    "range": {
      "end": {
        "character": 1,
        "line": 17,
      },
      "start": {
        "character": 0,
        "line": 17,
      },
    },
    "severity": 1,
    "source": "Stylelint",
  },
  {
    "code": "--report-needless-disables",
    "message": "Needless disable for "unknown"",
    "range": {
      "end": {
        "character": 3,
        "line": 2,
      },
      "start": {
        "character": 2,
        "line": 2,
      },
    },
    "severity": 1,
    "source": "Stylelint",
  },
]
`;
