// Jest Snapshot v1, https://goo.gl/fbAQLP

exports[`"stylelint.validate" setting when set to ["scss"] should lint and auto-fix scss 1`] = `
[
  {
    "code": "indentation",
    "codeDescription": {
      "href": "https://stylelint.io/user-guide/rules/indentation",
    },
    "message": "Expected indentation of 4 spaces (indentation)",
    "range": {
      "end": {
        "character": 3,
        "line": 2,
      },
      "start": {
        "character": 2,
        "line": 2,
      },
    },
    "severity": 1,
    "source": "Stylelint",
  },
]
`;

exports[`"stylelint.validate" setting when set to ["scss"] should lint and auto-fix scss 2`] = `
"/* prettier-ignore */
a {
    color: red;
}
"
`;

exports[`"stylelint.validate" setting when set to ["scss"] shouldn't lint or fix css 1`] = `
"/* prettier-ignore */
a {
  color: red;
}
"
`;

exports[`"stylelint.validate" setting when set to ["scss"] shouldn't lint or fix markdown 1`] = `
"# title

\`\`\`css
a {
  color: red;
}
\`\`\`
"
`;
